// Jest Snapshot v1, https://goo.gl/fbAQLP

exports[`component snapshot test renders ButtonPanel without crashing 1`] = `<View />`;
