// Jest Snapshot v1, https://goo.gl/fbAQLP

exports[`component snapshot test renders calculator without crashing 1`] = `
<View>
  <View>
    <Text
      accessible={true}
      allowFontScaling={true}
      ellipsizeMode="tail"
    />
  </View>
  <View />
</View>
`;
