// Jest Snapshot v1, https://goo.gl/fbAQLP

exports[`component snapshot test renders Display Box without crashing 1`] = `
<View>
  <Text
    accessible={true}
    allowFontScaling={true}
    ellipsizeMode="tail"
  />
</View>
`;
